example.calculator.common = ../calculator/src/common.r
example.numbers.operation = src/operation.r
example.numbers.dispatch = src/dispatch.r
example.numbers.type_i8 = src/i8.r
example.numbers.type_u8 = src/u8.r
example.numbers.type_i16 = src/i16.r
example.numbers.type_u16 = src/u16.r
example.numbers.type_i32 = src/i32.r
example.numbers.type_u32 = src/u32.r
example.numbers.type_i64 = src/i64.r
example.numbers.type_u64 = src/u64.r
example.numbers.type_isize = src/isize.r
example.numbers.type_usize = src/usize.r
example.numbers.type_c_char = src/c_char.r
example.numbers.type_c_schar = src/c_schar.r
example.numbers.type_c_uchar = src/c_uchar.r
example.numbers.type_c_short = src/c_short.r
example.numbers.type_c_ushort = src/c_ushort.r
example.numbers.type_c_int = src/c_int.r
example.numbers.type_c_uint = src/c_uint.r
example.numbers.type_c_long = src/c_long.r
example.numbers.type_c_ulong = src/c_ulong.r
example.numbers.type_c_llong = src/c_llong.r
example.numbers.type_c_ullong = src/c_ullong.r
example.numbers.type_c_bool = src/c_bool.r
example.numbers.type_c_wchar = src/c_wchar.r
example.numbers.type_c_wint = src/c_wint.r
example.numbers.type_c_int8 = src/c_int8.r
example.numbers.type_c_uint8 = src/c_uint8.r
example.numbers.type_c_int16 = src/c_int16.r
example.numbers.type_c_uint16 = src/c_uint16.r
example.numbers.type_c_int32 = src/c_int32.r
example.numbers.type_c_uint32 = src/c_uint32.r
example.numbers.type_c_int64 = src/c_int64.r
example.numbers.type_c_uint64 = src/c_uint64.r
example.numbers.type_c_intptr = src/c_intptr.r
example.numbers.type_c_uintptr = src/c_uintptr.r
example.numbers.type_c_intmax = src/c_intmax.r
example.numbers.type_c_uintmax = src/c_uintmax.r
example.numbers.type_c_size = src/c_size.r
example.numbers.type_c_ptrdiff = src/c_ptrdiff.r
example.numbers.type_f32 = src/f32.r
example.numbers.type_f64 = src/f64.r
example.numbers.type_c_float = src/c_float.r
example.numbers.type_c_double = src/c_double.r
example.numbers.type_c_long_double = src/c_long_double.r
example.numbers.main = src/main.r
